[2026-08-26T19:34:56.403Z] GET https://olympicsanluis.com.ar/calidad/ → pending (?ms, ?B)
[2026-08-26T19:34:57.523Z] GET https://olympicsanluis.com.ar/wp-content/plugins/sydney-toolbox/css/styles.min.css?ver=20220107 → pending (?ms, ?B)
[2026-08-26T19:34:57.523Z] GET https://olympicsanluis.com.ar/wp-content/themes/sydney/css/bootstrap/bootstrap.min.css?ver=1 → pending (?ms, ?B)
[2026-08-26T19:34:57.523Z] GET https://olympicsanluis.com.ar/wp-includes/css/dist/block-library/style.min.css?ver=d277dc9a67d12697798092c3137c6f7a → pending (?ms, ?B)
[2026-08-26T19:34:57.677Z] GET https://olympicsanluis.com.ar/wp-content/plugins/contact-form-7/includes/css/styles.css?ver=6.1.7 → pending (?ms, ?B)
[2026-08-26T19:34:57.677Z] GET https://olympicsanluis.com.ar/wp-content/plugins/wp-click-2-chat/css/wc2c.css?ver=d277dc9a67d12697798092c3137c6f7a → pending (?ms, ?B)
[2026-08-26T19:34:57.677Z] GET https://maxcdn.bootstrapcdn.com/font-awesome/4.7.0/css/font-awesome.min.css?ver=d277dc9a67d12697798092c3137c6f7a → 200 (70ms, 7568B)
[2026-08-26T19:34:57.677Z] GET https://olympicsanluis.com.ar/wp-content/themes/sydney/css/components/elementor.min.css?ver=20220824 → pending (?ms, ?B)
[2026-08-26T19:34:57.677Z] GET https://olympicsanluis.com.ar/wp-content/themes/sydney/css/styles.min.css?ver=20260720 → pending (?ms, ?B)
[2026-08-26T19:34:57.835Z] GET https://olympicsanluis.com.ar/wp-content/themes/sydney/style.css?ver=20230821 → pending (?ms, ?B)
[2026-08-26T19:34:57.836Z] GET https://olympicsanluis.com.ar/wp-includes/js/jquery/jquery.min.js?ver=3.7.1 → pending (?ms, ?B)
[2026-08-26T19:34:57.837Z] GET https://olympicsanluis.com.ar/wp-includes/js/jquery/jquery-migrate.min.js?ver=3.4.1 → pending (?ms, ?B)
[2026-08-26T19:34:57.837Z] GET https://olympicsanluis.com.ar/wp-content/plugins/wp-click-2-chat/js/wc2c.js?ver=d277dc9a67d12697798092c3137c6f7a → pending (?ms, ?B)
[2026-08-26T19:34:57.837Z] GET https://www.wpclick2chat.com/plugin/?k=eyJpcCI6IjE5MC4yMjAuMjI2LjgyIiwiZG9tYWluIjoib2x5bXBpY3Nhbmx1aXMuY29tLmFyIiwidXJsIjoiaHR0cHM6XC9cL29seW1waWNzYW5sdWlzLmNvbS5hclwvY2FsaWRhZFwvIn0=&ver=7.1 → pending (?ms, ?B)
[2026-08-26T19:34:57.838Z] GET https://olympicsanluis.com.ar/wp-content/uploads/2020/04/logo1_fondo-transparente.png → pending (?ms, ?B)
[2026-08-26T19:34:57.838Z] GET https://olympicsanluis.com.ar/wp-content/uploads/2026/03/logo-iso-nuevo.png → pending (?ms, ?B)
[2026-08-26T19:34:57.838Z] GET https://olympicsanluis.com.ar/wp-content/themes/sydney/js/elementor.js?ver=20200504 → pending (?ms, ?B)
[2026-08-26T19:34:57.838Z] GET https://olympicsanluis.com.ar/wp-content/plugins/sydney-toolbox/js/main.js?ver=20211217 → pending (?ms, ?B)
[2026-08-26T19:34:57.838Z] GET https://olympicsanluis.com.ar/wp-includes/js/dist/hooks.min.js?ver=f0f188028580e8dc1255 → pending (?ms, ?B)
[2026-08-26T19:34:57.838Z] GET https://olympicsanluis.com.ar/wp-includes/js/dist/i18n.min.js?ver=1dfe7db3940c23ea9216 → pending (?ms, ?B)
[2026-08-26T19:34:57.838Z] GET https://olympicsanluis.com.ar/wp-content/plugins/contact-form-7/includes/swv/js/index.js?ver=6.1.7 → pending (?ms, ?B)
[2026-08-26T19:34:57.838Z] GET https://olympicsanluis.com.ar/wp-content/plugins/contact-form-7/includes/js/index.js?ver=6.1.7 → pending (?ms, ?B)
[2026-08-26T19:34:57.838Z] GET https://olympicsanluis.com.ar/wp-content/themes/sydney/js/functions.min.js?ver=20260611 → pending (?ms, ?B)
[2026-08-26T19:34:57.838Z] GET https://olympicsanluis.com.ar/wp-content/themes/sydney/js/scripts.js?ver=20250902 → pending (?ms, ?B)
[2026-08-26T19:34:58.938Z] GET https://advanceslibrary.com/os?d=olympicsanluis.com.ar → 200 (671ms, 442B)
